Result LORAS: [
  {
    "name": "ZIT\\\\zit_fdpo_enhance_colors_v1",
    "weight": 0.85
  },
  {
    "name": "ZIT\\\\ZIT-PaintStorm-Mk.1",
    "weight": 0.65
  },
  {
    "name": "ZIT\\\\Desi_D351_L1ght_V1",
    "weight": 0.7
  }
]
Result LORA (flat): [
  "ZIT\\\\zit_fdpo_enhance_colors_v1",
  "ZIT\\\\ZIT-PaintStorm-Mk.1",
  "ZIT\\\\Desi_D351_L1ght_V1"
]
Result FULL: {
  "prompt": "a beautiful painting of young indian lady wearing bright red, yellow and green colored saree, she has a shy looks slightly at the viewer.",
  "negativePrompt": "ugly, bad, blurred",
  "seed": 1121823426476138,
  "steps": 10,
  "cfg": 1.2,
  "model": "z_image_turbo_bf16.safetensors",
  "sampler_name": "euler",
  "scheduler": "beta",
  "lora": [
    "ZIT\\\\zit_fdpo_enhance_colors_v1",
    "ZIT\\\\ZIT-PaintStorm-Mk.1",
    "ZIT\\\\Desi_D351_L1ght_V1"
  ],
  "vae": null,
  "denoise": 1,
  "loras": [
    {
      "name": "ZIT\\\\zit_fdpo_enhance_colors_v1",
      "weight": 0.85
    },
    {
      "name": "ZIT\\\\ZIT-PaintStorm-Mk.1",
      "weight": 0.65
    },
    {
      "name": "ZIT\\\\Desi_D351_L1ght_V1",
      "weight": 0.7
    }
  ],
  "vaes": [
    {
      "name": "ae.safetensors"
    }
  ],
  "comfyui_version": "0.4",
  "generator": "ComfyUI",
  "_telemetry": {
    "detection_method": "standard",
    "unknown_nodes_count": 3,
    "warnings": [
      "Unknown node type: Fast Groups Bypasser (rgthree)",
      "Unknown node type: MathExpression|pysssss",
      "Unknown node type: MathExpression|pysssss"
    ]
  }
}
